Release 6.1i - xst G.23
Copyright (c) 1995-2003 Xilinx, Inc.  All rights reserved.
--> Parameter TMPDIR set to __projnav
CPU : 0.00 / 0.16 s | Elapsed : 0.00 / 0.00 s
 
--> Parameter xsthdpdir set to ./xst
CPU : 0.00 / 0.16 s | Elapsed : 0.00 / 0.00 s
 
--> Reading design: bcd_to_7segement_decoder.prj

TABLE OF CONTENTS
  1) Synthesis Options Summary
  2) HDL Compilation
  3) HDL Analysis
  4) HDL Synthesis
     4.1) HDL Synthesis Report
  5) Advanced HDL Synthesis
  6) Low Level Synthesis
  7) Final Report
     7.1) Device utilization summary
     7.2) TIMING REPORT


=========================================================================
*                      Synthesis Options Summary                        *
=========================================================================
---- Source Parameters
Input File Name                    : bcd_to_7segement_decoder.prj
Input Format                       : mixed
Ignore Synthesis Constraint File   : NO
Verilog Include Directory          : 

---- Target Parameters
Output File Name                   : bcd_to_7segement_decoder
Output Format                      : NGC
Target Device                      : xc2s15-6-cs144

---- Source Options
Top Module Name                    : bcd_to_7segement_decoder
Automatic FSM Extraction           : YES
FSM Encoding Algorithm             : Auto
FSM Style                          : lut
RAM Extraction                     : Yes
RAM Style                          : Auto
ROM Extraction                     : Yes
ROM Style                          : Auto
Mux Extraction                     : YES
Mux Style                          : Auto
Decoder Extraction                 : YES
Priority Encoder Extraction        : YES
Shift Register Extraction          : YES
Logical Shifter Extraction         : YES
XOR Collapsing                     : YES
Resource Sharing                   : YES
Multiplier Style                   : lut
Automatic Register Balancing       : No

---- Target Options
Add IO Buffers                     : YES
Global Maximum Fanout              : 100
Add Generic Clock Buffer(BUFG)     : 4
Register Duplication               : YES
Equivalent register Removal        : YES
Slice Packing                      : YES
Pack IO Registers into IOBs        : auto

---- General Options
Optimization Goal                  : Speed
Optimization Effort                : 1
Keep Hierarchy                     : NO
Global Optimization                : AllClockNets
RTL Output                         : Yes
Write Timing Constraints           : NO
Hierarchy Separator                : _
Bus Delimiter                      : <>
Case Specifier                     : maintain
Slice Utilization Ratio            : 100
Slice Utilization Ratio Delta      : 5

---- Other Options
lso                                : bcd_to_7segement_decoder.lso
Read Cores                         : YES
cross_clock_analysis               : NO
verilog2001                        : YES
Optimize Instantiated Primitives   : NO

=========================================================================

WARNING:Xst:1885 - LSO file is empty, default list of libraries is used

=========================================================================
*                          HDL Compilation                              *
=========================================================================
Compiling vhdl file C:/Xilinx/bin/Prashant/BCD_TO_7SEGEMENT_DECODER.vhd in Library work.
Architecture behavioral of Entity bcd_to_7segement_decoder is up to date.

=========================================================================
*                            HDL Analysis                               *
=========================================================================
Analyzing Entity <bcd_to_7segement_decoder> (Architecture <behavioral>).
Entity <bcd_to_7segement_decoder> analyzed. Unit <bcd_to_7segement_decoder> generated.


=========================================================================
*                           HDL Synthesis                               *
=========================================================================

Synthesizing Unit <bcd_to_7segement_decoder>.
    Related source file is C:/Xilinx/bin/Prashant/BCD_TO_7SEGEMENT_DECODER.vhd.
Unit <bcd_to_7segement_decoder> synthesized.


=========================================================================
HDL Synthesis Report

Found no macro
=========================================================================

=========================================================================
*                       Advanced HDL Synthesis                          *
=========================================================================


=========================================================================
*                         Low Level Synthesis                           *
=========================================================================

Optimizing unit <bcd_to_7segement_decoder> ...
Loading device for application Xst from file '2s15.nph' in environment C:/Xilinx.

Mapping all equations...
Building and optimizing final netlist ...
Found area constraint ratio of 100 (+ 5) on block bcd_to_7segement_decoder, actual ratio is 1.

=========================================================================
*                            Final Report                               *
=========================================================================
Final Results
RTL Top Level Output File Name     : bcd_to_7segement_decoder.ngr
Top Level Output File Name         : bcd_to_7segement_decoder
Output Format                      : NGC
Optimization Goal                  : Speed
Keep Hierarchy                     : NO

Design Statistics
# IOs                              : 11

Cell Usage :
# BELS                             : 7
#      GND                         : 1
#      LUT4                        : 6
# IO Buffers                       : 11
#      IBUF                        : 4
#      OBUF                        : 7
=========================================================================

Device utilization summary:
---------------------------

Selected Device : 2s15cs144-6 

 Number of Slices:                       3  out of    192     1%  
 Number of 4 input LUTs:                 6  out of    384     1%  
 Number of bonded IOBs:                 11  out of     90    12%  


=========================================================================
TIMING REPORT

NOTE: THESE TIMING NUMBERS ARE ONLY A SYNTHESIS ESTIMATE.
      FOR ACCURATE TIMING INFORMATION PLEASE REFER TO THE TRACE REPORT
      GENERATED AFTER PLACE-and-ROUTE.

Clock Information:
------------------
No clock signals found in this design

Timing Summary:
---------------
Speed Grade: -6

   Minimum period: No path found
   Minimum input arrival time before clock: No path found
   Maximum output required time after clock: No path found
   Maximum combinational path delay: 8.693ns

Timing Detail:
--------------
All values displayed in nanoseconds (ns)

-------------------------------------------------------------------------
Timing constraint: Default path analysis
Delay:               8.693ns (Levels of Logic = 3)
  Source:            bcd<3> (PAD)
  Destination:       seg<6> (PAD)

  Data Path: bcd<3> to seg<6>
                                Gate     Net
    Cell:in->out      fanout   Delay   Delay  Logical Name (Net Name)
    ----------------------------------------  ------------
     IBUF:I->O             6   0.776   1.665  bcd_3_IBUF (bcd_3_IBUF)
     LUT4:I0->O            1   0.549   1.035  seg<0>1 (seg_0_OBUF)
     OBUF:I->O                 4.668          seg_0_OBUF (seg<0>)
    ----------------------------------------
    Total                      8.693ns (5.993ns logic, 2.700ns route)
                                       (68.9% logic, 31.1% route)

=========================================================================
CPU : 0.47 / 0.75 s | Elapsed : 0.00 / 0.00 s
 
--> 

Total memory usage is 99820 kilobytes


