Release 6.1i - xst G.23
Copyright (c) 1995-2003 Xilinx, Inc.  All rights reserved.
--> Parameter TMPDIR set to __projnav
CPU : 0.00 / 0.13 s | Elapsed : 0.00 / 0.00 s
 
--> Parameter xsthdpdir set to ./xst
CPU : 0.00 / 0.13 s | Elapsed : 0.00 / 0.00 s
 
--> Reading design: case_sel.prj

TABLE OF CONTENTS
  1) Synthesis Options Summary
  2) HDL Compilation
  3) HDL Analysis
  4) HDL Synthesis
     4.1) HDL Synthesis Report
  5) Advanced HDL Synthesis
  6) Low Level Synthesis
  7) Final Report
     7.1) Device utilization summary
     7.2) TIMING REPORT


=========================================================================
*                      Synthesis Options Summary                        *
=========================================================================
---- Source Parameters
Input File Name                    : case_sel.prj
Input Format                       : mixed
Ignore Synthesis Constraint File   : NO
Verilog Include Directory          : 

---- Target Parameters
Output File Name                   : case_sel
Output Format                      : NGC
Target Device                      : xc2s15-6-cs144

---- Source Options
Top Module Name                    : case_sel
Automatic FSM Extraction           : YES
FSM Encoding Algorithm             : Auto
FSM Style                          : lut
RAM Extraction                     : Yes
RAM Style                          : Auto
ROM Extraction                     : Yes
ROM Style                          : Auto
Mux Extraction                     : YES
Mux Style                          : Auto
Decoder Extraction                 : YES
Priority Encoder Extraction        : YES
Shift Register Extraction          : YES
Logical Shifter Extraction         : YES
XOR Collapsing                     : YES
Resource Sharing                   : YES
Multiplier Style                   : lut
Automatic Register Balancing       : No

---- Target Options
Add IO Buffers                     : YES
Global Maximum Fanout              : 100
Add Generic Clock Buffer(BUFG)     : 4
Register Duplication               : YES
Equivalent register Removal        : YES
Slice Packing                      : YES
Pack IO Registers into IOBs        : auto

---- General Options
Optimization Goal                  : Speed
Optimization Effort                : 1
Keep Hierarchy                     : NO
Global Optimization                : AllClockNets
RTL Output                         : ONLY
Write Timing Constraints           : NO
Hierarchy Separator                : _
Bus Delimiter                      : <>
Case Specifier                     : maintain
Slice Utilization Ratio            : 100
Slice Utilization Ratio Delta      : 5

---- Other Options
lso                                : case_sel.lso
Read Cores                         : YES
cross_clock_analysis               : NO
verilog2001                        : YES
Optimize Instantiated Primitives   : NO

=========================================================================

WARNING:Xst:1885 - LSO file is empty, default list of libraries is used

=========================================================================
*                          HDL Compilation                              *
=========================================================================
Compiling vhdl file C:/Xilinx/bin/Prashant/Mux_4_1_case_select_stetement.vhd in Library work.
Architecture behavioral of Entity case_sel is up to date.

=========================================================================
*                            HDL Analysis                               *
=========================================================================
Analyzing Entity <case_sel> (Architecture <behavioral>).
INFO:Xst:1561 - C:/Xilinx/bin/Prashant/Mux_4_1_case_select_stetement.vhd line 26: Mux is complete : default of case is discarded
Entity <case_sel> analyzed. Unit <case_sel> generated.


=========================================================================
*                           HDL Synthesis                               *
=========================================================================

Synthesizing Unit <case_sel>.
    Related source file is C:/Xilinx/bin/Prashant/Mux_4_1_case_select_stetement.vhd.
    Found 1-bit 4-to-1 multiplexer for signal <y>.
    Summary:
	inferred   1 Multiplexer(s).
Unit <case_sel> synthesized.


=========================================================================
HDL Synthesis Report

Macro Statistics
# Multiplexers                     : 1
  1-bit 4-to-1 multiplexer         : 1

=========================================================================

=========================================================================
*                       Advanced HDL Synthesis                          *
=========================================================================


=========================================================================
*                         Low Level Synthesis                           *
=========================================================================

=========================================================================
*                            Final Report                               *
=========================================================================
Final Results
RTL Top Level Output File Name     : case_sel.ngr
Keep Hierarchy                     : NO

Design Statistics
# IOs                              : 7

Cell Usage :
=========================================================================
CPU : 0.46 / 0.70 s | Elapsed : 0.00 / 1.00 s
 
--> 

Total memory usage is 96832 kilobytes


